// Jest Snapshot v1, https://goo.gl/fbAQLP

exports[`should render DashboadPage correctly 1`] = `
<div>
  <h1>
    DASHBOARD PAGE CONTENT GOES HERE
  </h1>
</div>
`;
